[lcoi.tk/index.html]
[cdn.lcoi.tk/picture/icon.png]
[cdn.lcoi.tk/lcoi.css]
[cdn.lcoi.tk/amazeui.css]
[cdn.lcoi.tk/highlight.css]
[cdn.lcoi.tk/markdown.css]
[cdn.lcoi.tk/katex.css]
[cdn.lcoi.tk/loader.css]
[cdn.lcoi.tk/ace.css]
[cdn.lcoi.tk/div.css]
[cdn.lcoi.tk/error.css]
[cdn.lcoi.tk/fa.css]
[cdn.lcoi.tk/ife.css]
[cdn.lcoi.tk/resize.css]
[cdn.lcoi.tk/data-v-27b2cd59.css]
[cdn.lcoi.tk/data-v-303bbf52.css]
[cdn.lcoi.tk/data-v-602e0231.css]
[cdn.lcoi.tk/data-v-639bc19b.css]
[cdn.lcoi.tk/data-v-6330a2e0.css]
[cdn.lcoi.tk/data-v-8859cc6c.css]
[cdn.lcoi.tk/data-v-e6ccd65e.css]
[cdn.lcoi.tk/cookie.js]
[backblue.gif]
[fade.gif]
[index.html]
[cdn.lcoi.tk/title.js]
[cdn.lcoi.tk/picture/logo-single.png]
[lcoi.tk/join-us/index.html]
[lcoi.tk/thanks/index.html]
[lcoi.tk/problem/index.html]
[lcoi.tk/contest/index.html]
[lcoi.tk/Users.1e.delayed]
[lcoi.tk/user/index.html]
[cdn.lcoi.tk/picture/mark.png]
[lcoi.tk/index.html]
[cdn.lcoi.tk/a.css]
[cdn.lcoi.tk/picture/background.png]
[cdn.lcoi.tk/body.css]
[cdn.lcoi.tk/lcoi.css]
[cdn.lcoi.tk/amazeui.css]
[cdn.lcoi.tk/highlight.css]
[cdn.lcoi.tk/markdown.css]
[cdn.lcoi.tk/katex.css]
[cdn.lcoi.tk/loader.css]
[cdn.lcoi.tk/ace.css]
[cdn.lcoi.tk/div.css]
[cdn.lcoi.tk/error.css]
[cdn.lcoi.tk/fa.css]
[cdn.lcoi.tk/ife.css]
[cdn.lcoi.tk/resize.css]
[cdn.lcoi.tk/data-v-27b2cd59.css]
[cdn.lcoi.tk/data-v-303bbf52.css]
[cdn.lcoi.tk/data-v-602e0231.css]
[cdn.lcoi.tk/data-v-639bc19b.css]
[cdn.lcoi.tk/data-v-6330a2e0.css]
[cdn.lcoi.tk/data-v-8859cc6c.css]
[cdn.lcoi.tk/data-v-e6ccd65e.css]
[cdn.lcoi.tk/script/cookie.21.delayed]
[lcoi.tk/join-us/index.html]
[cdn.lcoi.tk/user/main.22.delayed]
[cdn.lcoi.tk/user/main2.23.delayed]
[cdn.lcoi.tk/thanks/data-v-037493a8.css]
[cdn.lcoi.tk/thanks/data-v-051a635c.css]
[cdn.lcoi.tk/thanks/data-v-0cd59e64.css]
[cdn.lcoi.tk/thanks/data-v-0e1ae304.css]
[cdn.lcoi.tk/thanks/data-v-14c11e75.css]
[cdn.lcoi.tk/thanks/data-v-187aafe9.css]
[cdn.lcoi.tk/thanks/data-v-1d7cf8d5.css]
[cdn.lcoi.tk/thanks/data-v-20cf19dd.css]
[cdn.lcoi.tk/thanks/data-v-24f898d2.css]
[cdn.lcoi.tk/thanks/data-v-27b2cd59.css]
[cdn.lcoi.tk/thanks/data-v-29a65e17.css]
[cdn.lcoi.tk/thanks/data-v-2dfcfd35.css]
[cdn.lcoi.tk/thanks/data-v-303bbf52.css]
[cdn.lcoi.tk/thanks/data-v-325cf452.css]
[cdn.lcoi.tk/thanks/data-v-3a151854.css]
[cdn.lcoi.tk/thanks/data-v-3c4577b8.css]
[cdn.lcoi.tk/thanks/data-v-447a6234.css]
[cdn.lcoi.tk/thanks/data-v-450d4937.css]
[cdn.lcoi.tk/thanks/data-v-47712372.css]
[cdn.lcoi.tk/thanks/data-v-4b8033a4.css]
[cdn.lcoi.tk/thanks/data-v-572457ba.css]
[cdn.lcoi.tk/thanks/data-v-590f5c34.css]
[cdn.lcoi.tk/thanks/data-v-5a58a989.css]
[cdn.lcoi.tk/thanks/data-v-62e64f9a.css]
[cdn.lcoi.tk/thanks/data-v-6330a2e0.css]
[cdn.lcoi.tk/thanks/data-v-639bc19b.css]
[cdn.lcoi.tk/thanks/data-v-70cb3d5a.css]
[cdn.lcoi.tk/thanks/data-v-73965038.css]
[cdn.lcoi.tk/thanks/data-v-78fafe5c.css]
[cdn.lcoi.tk/thanks/data-v-7ade990c.css]
[cdn.lcoi.tk/thanks/data-v-7cdb640e.css]
[cdn.lcoi.tk/thanks/data-v-7f3c782d.css]
[cdn.lcoi.tk/thanks/data-v-8859cc6c.css]
[cdn.lcoi.tk/thanks/data-v-b542ad86.css]
[cdn.lcoi.tk/thanks/data-v-bbdab89a.css]
[cdn.lcoi.tk/thanks/data-v-bfb16a46.css]
[cdn.lcoi.tk/thanks/data-v-c06fccc2.css]
[cdn.lcoi.tk/thanks/data-v-cc52fb5c.css]
[cdn.lcoi.tk/thanks/data-v-d26e5c98.css]
[cdn.lcoi.tk/thanks/data-v-d481ae34.css]
[cdn.lcoi.tk/thanks/data-v-e1731a40.css]
[cdn.lcoi.tk/thanks/data-v-e6ccd65e.css]
[cdn.lcoi.tk/thanks/data-v-f9624136.css]
[cdn.luogu.com.cn/upload/usericon/42067.png]
[cdn.luogu.com.cn/upload/usericon/326452.png]
[cdn.luogu.com.cn/upload/usericon/357311.png]
[cdn.luogu.com.cn/upload/usericon/355510.png]
[cdn.luogu.com.cn/upload/usericon/100325.png]
[cdn.luogu.com.cn/upload/usericon/340903.png]
[lcoi.tk/thanks/index.html]
[cdn.lcoi.tk/problem/data-v-14c11e75.css]
[cdn.lcoi.tk/problem/data-v-2a31ee10.css]
[cdn.lcoi.tk/problem/data-v-2dfcfd35.css]
[cdn.lcoi.tk/problem/data-v-4bc82191.css]
[cdn.lcoi.tk/problem/data-v-5da78937.css]
[cdn.lcoi.tk/problem/data-v-66021821.css]
[cdn.lcoi.tk/problem/data-v-66fcc50b.css]
[cdn.lcoi.tk/problem/data-v-6bfea97f.css]
[cdn.lcoi.tk/problem/data-v-72107c51.css]
[cdn.lcoi.tk/problem/data-v-7ade990c.css]
[cdn.lcoi.tk/problem/data-v-7b5c427c.css]
[cdn.lcoi.tk/problem/data-v-7ecd1f3a.css]
[cdn.lcoi.tk/problem/data-v-8cc386e2.css]
[cdn.lcoi.tk/problem/data-v-d09bbffc.css]
[cdn.lcoi.tk/problem/data-v-f9624136.css]
[lcoi.tk/problem/index.html]
[cdn.lcoi.tk/problem/data.css]
[cdn.lcoi.tk/contest/data-v-14c11e75.css]
[cdn.lcoi.tk/contest/data-v-2a31ee10.css]
[cdn.lcoi.tk/contest/data-v-2dfcfd35.css]
[cdn.lcoi.tk/contest/data-v-4bc82191.css]
[cdn.lcoi.tk/contest/data-v-5da78937.css]
[cdn.lcoi.tk/contest/data-v-66021821.css]
[cdn.lcoi.tk/contest/data-v-66fcc50b.css]
[cdn.lcoi.tk/contest/data-v-6bfea97f.css]
[cdn.lcoi.tk/contest/data-v-72107c51.css]
[cdn.lcoi.tk/contest/data-v-7ade990c.css]
[cdn.lcoi.tk/contest/data-v-7b5c427c.css]
[cdn.lcoi.tk/contest/data-v-7ecd1f3a.css]
[cdn.lcoi.tk/contest/data-v-8cc386e2.css]
[cdn.lcoi.tk/contest/data-v-d09bbffc.css]
[cdn.lcoi.tk/contest/data-v-f9624136.css]
[lcoi.tk/contest/index.html]
[cdn.lcoi.tk/contest/data.css]
[cdn.luogu.com.cn/upload/usericon/664261.png]
[cdn.luogu.com.cn/upload/usericon/431487.png]
[cdn.luogu.com.cn/upload/usericon/541226.png]
[cdn.luogu.com.cn/upload/usericon/414231.png]
[cdn.luogu.com.cn/upload/usericon/302394.png]
[cdn.luogu.com.cn/upload/usericon/510555.png]
[cdn.luogu.com.cn/upload/usericon/363006.png]
[cdn.luogu.com.cn/upload/usericon/428690.png]
[cdn.luogu.com.cn/upload/usericon/340940.png]
[cdn.luogu.com.cn/upload/usericon/376161.png]
[cdn.luogu.com.cn/upload/usericon/495265.png]
[cdn.luogu.com.cn/upload/usericon/430409.png]
[cdn.luogu.com.cn/upload/usericon/610335.png]
[cdn.luogu.com.cn/upload/usericon/109114.png]
[cdn.luogu.com.cn/upload/usericon/289275.png]
[cdn.luogu.com.cn/upload/usericon/278629.png]
[cdn.luogu.com.cn/upload/usericon/189163.png]
[cdn.luogu.com.cn/upload/usericon/229919.png]
[cdn.luogu.com.cn/upload/usericon/349033.png]
[cdn.luogu.com.cn/upload/usericon/336603.png]
[cdn.luogu.com.cn/upload/usericon/90706.png]
[cdn.luogu.com.cn/upload/usericon/250940.png]
[cdn.luogu.com.cn/upload/usericon/87318.png]
[cdn.luogu.com.cn/upload/usericon/359252.png]
[cdn.luogu.com.cn/upload/usericon/357163.png]
[cdn.luogu.com.cn/upload/usericon/91534.png]
[cdn.luogu.com.cn/upload/usericon/490522.png]
[cdn.luogu.com.cn/upload/usericon/516346.png]
[cdn.luogu.com.cn/upload/usericon/308379.png]
[cdn.luogu.com.cn/upload/usericon/152234.png]
[cdn.luogu.com.cn/upload/usericon/511907.png]
[cdn.luogu.com.cn/upload/usericon/360273.png]
[lcoi.tk/user/index.html]
[lcoi.tk/Users.html]
[cdn.lcoi.tk/script/cookie.html]
[cdn.lcoi.tk/user/main.html]
[cdn.lcoi.tk/user/main2.html]
[cdn.lcoi.tk/thanks/data-v-037493a8.css]
[cdn.lcoi.tk/thanks/data-v-051a635c.css]
[cdn.lcoi.tk/thanks/data-v-0cd59e64.css]
[cdn.lcoi.tk/thanks/data-v-0e1ae304.css]
[cdn.lcoi.tk/thanks/data-v-14c11e75.css]
[cdn.lcoi.tk/thanks/data-v-187aafe9.css]
[cdn.lcoi.tk/thanks/data-v-1b44b3e6.css]
[cdn.lcoi.tk/thanks/data-v-1d7cf8d5.css]
[cdn.lcoi.tk/thanks/data-v-20cf19dd.css]
[cdn.lcoi.tk/thanks/data-v-24f898d2.css]
[cdn.lcoi.tk/thanks/data-v-27b2cd59.css]
[cdn.lcoi.tk/thanks/data-v-29a65e17.css]
[cdn.lcoi.tk/thanks/data-v-2dfcfd35.css]
[cdn.lcoi.tk/thanks/data-v-303bbf52.css]
[cdn.lcoi.tk/thanks/data-v-325cf452.css]
[cdn.lcoi.tk/thanks/data-v-3a151854.css]
[cdn.lcoi.tk/thanks/data-v-3c4577b8.css]
[cdn.lcoi.tk/thanks/data-v-43a42535.css]
[cdn.lcoi.tk/thanks/data-v-447a6234.css]
[cdn.lcoi.tk/thanks/data-v-450d4937.css]
[cdn.lcoi.tk/thanks/data-v-47712372.css]
[cdn.lcoi.tk/thanks/data-v-4b8033a4.css]
[cdn.lcoi.tk/thanks/data-v-572457ba.css]
[cdn.lcoi.tk/thanks/data-v-57ac2e84.css]
[cdn.lcoi.tk/thanks/data-v-590f5c34.css]
[cdn.lcoi.tk/thanks/data-v-5a58a989.css]
[cdn.lcoi.tk/thanks/data-v-62e64f9a.css]
[cdn.lcoi.tk/thanks/data-v-6330a2e0.css]
[cdn.lcoi.tk/thanks/data-v-639bc19b.css]
[cdn.lcoi.tk/thanks/data-v-6febb0e8.css]
[cdn.lcoi.tk/thanks/data-v-70cb3d5a.css]
[cdn.lcoi.tk/thanks/data-v-73965038.css]
[cdn.lcoi.tk/thanks/data-v-78fafe5c.css]
[cdn.lcoi.tk/thanks/data-v-7ade990c.css]
[cdn.lcoi.tk/thanks/data-v-7cdb640e.css]
[cdn.lcoi.tk/thanks/data-v-7f3c782d.css]
[cdn.lcoi.tk/thanks/data-v-8859cc6c.css]
[cdn.lcoi.tk/thanks/data-v-b542ad86.css]
[cdn.lcoi.tk/thanks/data-v-bbdab89a.css]
[cdn.lcoi.tk/thanks/data-v-bfb16a46.css]
[cdn.lcoi.tk/thanks/data-v-c06fccc2.css]
[cdn.lcoi.tk/thanks/data-v-c0996248.css]
[cdn.lcoi.tk/thanks/data-v-c9185fa2.css]
[cdn.lcoi.tk/thanks/data-v-cc52fb5c.css]
[cdn.lcoi.tk/thanks/data-v-d26e5c98.css]
[cdn.lcoi.tk/thanks/data-v-d481ae34.css]
[cdn.lcoi.tk/thanks/data-v-e1731a40.css]
[cdn.lcoi.tk/thanks/data-v-e6ccd65e.css]
[cdn.lcoi.tk/thanks/data-v-f9624136.css]
[cdn.lcoi.tk/problem/data-v-14c11e75.css]
[cdn.lcoi.tk/problem/data-v-2a31ee10.css]
[cdn.lcoi.tk/problem/data-v-2dfcfd35.css]
[cdn.lcoi.tk/problem/data-v-43a42535.css]
[cdn.lcoi.tk/problem/data-v-4bc82191.css]
[cdn.lcoi.tk/problem/data-v-5da78937.css]
[cdn.lcoi.tk/problem/data-v-66021821.css]
[cdn.lcoi.tk/problem/data-v-66fcc50b.css]
[cdn.lcoi.tk/problem/data-v-6bfea97f.css]
[cdn.lcoi.tk/problem/data-v-72107c51.css]
[cdn.lcoi.tk/problem/data-v-7ade990c.css]
[cdn.lcoi.tk/problem/data-v-7b5c427c.css]
[cdn.lcoi.tk/problem/data-v-7ecd1f3a.css]
[cdn.lcoi.tk/problem/data-v-8cc386e2.css]
[cdn.lcoi.tk/problem/data-v-c9185fa2.css]
[cdn.lcoi.tk/problem/data-v-d09bbffc.css]
[cdn.lcoi.tk/problem/data-v-f9624136.css]
[cdn.lcoi.tk/problem/data.css]
[cdn.lcoi.tk/contest/data-v-14c11e75.css]
[cdn.lcoi.tk/contest/data-v-2a31ee10.css]
[cdn.lcoi.tk/contest/data-v-2dfcfd35.css]
[cdn.lcoi.tk/contest/data-v-43a42535.css]
[cdn.lcoi.tk/contest/data-v-4bc82191.css]
[cdn.lcoi.tk/contest/data-v-5da78937.css]
[cdn.lcoi.tk/contest/data-v-66021821.css]
[cdn.lcoi.tk/contest/data-v-66fcc50b.css]
[cdn.lcoi.tk/contest/data-v-6bfea97f.css]
[cdn.lcoi.tk/contest/data-v-72107c51.css]
[cdn.lcoi.tk/contest/data-v-7ade990c.css]
[cdn.lcoi.tk/contest/data-v-7b5c427c.css]
[cdn.lcoi.tk/contest/data-v-7ecd1f3a.css]
[cdn.lcoi.tk/contest/data-v-8cc386e2.css]
[cdn.lcoi.tk/contest/data-v-c9185fa2.css]
[cdn.lcoi.tk/contest/data-v-d09bbffc.css]
[cdn.lcoi.tk/contest/data-v-f9624136.css]
[cdn.lcoi.tk/contest/data.css]
